[0m[28Cммммммлллллллллллмммммм
[19Cмммммлллллллллллллллллллллллллллллллммммм
[13Cммммлллллллллллллллллллллллллллллллллллллллллллллмммм
[10Cммлллллллллллллллллллллллллллллллллллллллллллллллллллллллмм
[6Cммлллллллллллллллллллллллллллллллллллллллллллллллллллллллллллллллмм
   мллллллллллллллВВВВВВВллллллллллллллллллллллллллллллллллллллллллллллллллм
млллллллВллллллВВВВВВлллллллллллллллллллллллллллллллллллллллллллллллллллллллллм
ллллллВВллллВВВВВВллллллллллллллллллллллллллллллллллллллллллллллллллллллллллллл
ллВВВВллллВВВВВВлллллллллллллллллллллллллллллллллллллллллллпллллллллллллллллллл
ВВВВллллВВВВВВлллллллллллллллллллллллллллллллллллллллВВВВВВВВВБлллллллллллллллл
ВВВллллВВВВВллллллллллллллллллллллллллллллллллллллллллллллВВВВВВВВБлллллллллллл
ВВллллВВВВВллллллллллллллллллллллллллллллллллллллллллллллллллВВВВВВВВлллллллллл
ВВлллВВВВВллллллллллллллллллллллллллллллллллллллллллллллллллллллллллллллллллллл
лллллВВВВлллллллллллллллллллллллллллллллллллллллллллллллллллллллллллллллллллллл
ллВВВВлллллллллллллллллллллллллпппллллллллллллппплллллллллллллллллллллллллллллл
лВВВВВлллллллллллллллллллллллл[5Cлллллллллл[5Cллллллллллллллллллллллллллллл
ВлВлВВВВллллллллллллллллллллл[7Cлллллллл[7Cлллллллллллллллллллллллллллл
ВВВВВВВлВлллллллллллллллллллБ[8Cлллллл[8CБллллллллллллллллллллллллллл
ВВВВВллллВлллллллллллллллллл   А[6Cлллл[6CА   ллллллллллллллллллллллллллл
ВВВВВлллВлллллллллллллллллл    лл[6Cлл[6Cлл    лллллллллллллллллллллллллл
ллВВВлллллллллллллллллллллБ   лллл[12Cлллл   БлллллллллллллллллВВВВВллл
лВВВВВлллллллллллллллллллл    ллллл[10Cллллл    ллллллллллллллллллллВВВВВ
ВВВВВллллллллллллллллллллл   ллллллл[8Cллллллл   лллллллллллллллллллллВВВВ
лВВВВлллллллллллллллллллл    ллллллллм    Влллллллл    ллллллллллллллллллллВВВВ
лВВВВлллллллллллллллллллл   ллллллллллм  млллллллллл   ллллллллллллллллллллВВВл
лллВВВлллллллллллллллллл    лллллллллллллллллллллллл    лллллллллллллллллВВВллл
лллллллВВллллллллллллллл   лллллллллллллллллллллллллл   лллллллллллллллВВВВВллл
лллллллллВлллллллллллллл   лллллллллллллллллллллллллл   ллллллллллллллллллллллл
ллллллллллллллллллллллл    лллллллллллллллллллллллллл    лллллллллллллллллллллл
ллллллллллллллллллллллл    лллллллллллллллллллллллллл    лллллллллллллллллллллл
лллллллллллллллллллллл[5Cлллллллллллппппллллллллллл[5Cллллллллллллллллллллл
ллллллллллллллллллллл[5Cпппппп[6CммАм[6Cпппппп[5Cлллллллллллллллллллл
ллллллллпппппппп[10CммммммлллллллВВВВВБллмм лмм[10Cпппппппплллллллл
пп[6CмммммммммммлллллллллллллллпллллллллВВплллн лллллллллммммммммммм[6Cпп
мммммВлллллллпллллллллп   ллллллп   лллллллп   лллллллпплллллллллплллллллВммммм
лллплллллллп   ллллллллмпллллллллмллллппплллмлллллллллл  ллллллп   ллллллллпллл
лп   лллллллмлллллллллллллпппппп  ммммВАммммм  пппппплллллллллллллмллллллл   пл
ллмлллллпппппппп мммммммммм ллллллллллллллллллллллл ААмммммммм пппппппплллллмлл
пп[5CммммВВлллллллллллллллпппппппппп   ппппппппппллллпмллллллБВВВВмммм[5Cпп
ммВлллллллпппппппммммлп[36CААВппппппплллллллВмм
ллллн ммммллппппппллп[35Cмммллллллллллмммм олллл
лллл олллллллмм[39Cоллллллллллллллллллн лллл
лллл лллллллллпп ммллпп[31Cлллллллллллллллллллл лллл
лллл ллллллллллллллп ммммм[11Cмлп[12Cмллллллллллллллллллллл лллл
лллл лллллллллллллмлллллллллммммммлллп[11Cмлллллллллллллллллллллллл лллл
лллнолллллллллллллллллллллллллллллллллллммллллллллллллллллллллллллллллллллноллл
ллл ллллллппппллллллллллллллллллллллллллллллллллллллллллллллллллппппллллллл ллл
ллл ллллп[7Cппллллллллллллллллллллллллллллллллллллллллллпп[7Cпллллл ллл
ллл ллл[13Cппллллллллллллллллллллллллллллллллллпп[13Cлллл ллл
ллл лл[5Cм[12Cппппллллллп лллллл пллллллпппп[12Cм[5Cллл ллл
ллл лн  млн[20Cп   оллллллн   п[20Cолм  олл ллл
ллл лммллл А  мммммм[15Cлллллллл[16CмммллВ А лллммлл ллл
ллВ лллмп   млллллллпллмммм[6Cмллллллллллм[8Cммллллллллллм   пмлллл Влл
ллБ ллмпп о ллллп[7Cплллл оллллллллллллллллп мллмп[7Cплллл н ппмллл Блл
ллВ лллл мноллл    млллм  пллл лллллллллллллллл лллп  млллм    лллном ллллл Влл
ллл ллллллл ллн   оллллл   лллноллллллллллллллноллл   лллВлл   олл лллллллл ллл
ллл ллллллллмплм   пппп    ллппмллллллллллллллмпплл    пппп   млпмллллллллл ллл
ллл ллллллллллммм[7Cпммммллллллллллллллллллллммммп[7Cмммллллллллллл ллл
ллл лллллллВВлллллллллллллллллллллллллллллллплллллллллллллллллллллллллллллл ллл
ВВл ллллллБВВлллллллллллллллллллллллллллллл ллллллллллллллллллллллллллллллл ллл
Влл лллллББВллллллллллллллллллллллллллллллноллллллллллллллллллллллллллллллл ллл
Влл олллВВВлллллллллллллллллллллллллллллллл ллллллллллллллллллллллллллллллн ллл
ВВлн ллллВВВлллллллллллллллллллллллллллллллнпллллллллллллллллллллллллллллл оллл
лВВл БллллллллллллллллллллллллллллллплллллллллпллллллллллллллллллллллллллБ лллл
ллВл ллллллВВВВлллллллллллллллллллл лллллллллпмлллллллллллллллллллллВллллл лплл
ллллл ллллллллллллллллллллллллллллллмллллллммллллллллллллллллллллллллВллл лл лл
ллллл лллллллллллллллллллллллллллллллллллллллллллллллллллллллллллллВВВллл лл лл
лВВлл  ллВВББ лллллллллллллллпппппплпп    лллллллллллллллллллллллВВВВллл  л  л
ллллп   п   А ллллппппппллллл лллл л млВл Вллллллпппп[6CппппВВВВлллл[6Cп
лллл плллллм  мппп лллл ллллл лллл   пмллн плпп   ммм лллл ммм ппппплл[5Cлллл
лп  ммммлллл   ммммлллл п ммммлллл ллмм[6Cммллллллмлллллллпмммммм   ммммлллл
 мллллллллллмллллллллллмлллллллллл лллллл мллллллллллВллллпмллллБВлллоллллллллл
оллллллллллллллллллллллллллллллллл ллллллАллллллппп   ллллолллллллллллллллллллл
оллллп  ллллллллп  ллллллллп  лллл ллллллВллллп  лллл ллллоллллп мллллллп  лллл
 ллллм  ллВлллллм  ллВлллллм  ллВл ллллВлоллллм  ллВл ллВл ллллм    ллллм  ллВл
  пплллпллнл пплллпллнл пплллпллнл ллллнл пплллплллнл ллнл  пплллпллллплллпллнл
[7Cппп п м    ппп п м    ппп п   пп   м    пппп п пп п  м    ппп[6Cппп п
  ВВмлллллллллллллл ллллллллллмммммл   млллллмммммммммммммммлллммммммм мммллллм
ВВлллллллВлллллп п лллллллллллллллллмл ллллллллллллллллмллллллллллллллллллллллл
Влллппп  Вллп[8Cллллллллл[5Cппп ллллллллллллллпп ллллллллллллллллпппплл
ллп[6Cл   мммлллл ллллВлллм лллл мм  пппплллллллллллллллллппппллпмм[5Cп
 ллм[7CппммммлллнллллБВ  ммллллллл ммммм   ппллллллллллллллпп лллл
[6CВВВВВллллллллл лллл млллВллллпмллВВлллллм   л   мллллллллллллВВВВВ   А
  ВВллллллллллллллллБлллл ппп  ллллолллллллллллл  л БлллллллллллллллллллВВВАА
ВВплллллллллллллллллАлллл   лл ллллоллллп  ллллл  лАВллллллмлллллллллллллллВВБ
ммлллллллллллллллплллллллл  лл ллВл ллллм  ллВлл    ллллллплллллллллллллллллллл
ллллллллллллллп  ллллллллллмлл ллнл  пплллпллоп   лВппп млллллллллллллллллллллл
лллллллллллл  мплллллллллллллВ пп п лмм   ппп   ммллВ  ллллллллллллллллллллллмм
ллллпллллВАВАллллллллллллВВллллпплллллллллоллллллллВВ лппп  ВВВллллллллпппммллл
лппмллВллллл лллопп  м  ллллллпп м лллВВлллп м ллББВВ    м м[5Cпплл  ммлллллл
 млм лллВВлл п   ммлп  ВВмноп ммлл БллВ п ммлл  АА    ммлл лллллмм    ллллллллл
олл л лВБп   ммлллп  Бмпн  млллллл В   млллллл[5Cмлллллл лллллллллмм плВВВллл
ВВл лнлпБ млллллп  ББВ ммлллллпллл ммлллллпллл ммлллллпллл ллллм  пллллм  ААВлл
ВВл лл мВлллллп   ААА  лллллп  ллВ лллллп  ллВ лллллп  ллл ллллл   оллллнААББВл
лл ллВ лллллллмммм[5Cллллл   ллл ллллл   ллл ллллл   ллл ллллл    ллллн ВВллл
ВмллВБ   пппллллллллм  ллллл   ллл ллллл   ллл ллллл   ллл ллллл    ллллл  ВллБ
ммплВА[5Cп  пплллллл ллллл   ллВ ллллл   ллВ ллллл   ллВ ллллл    ллллл ВлллБ
ммллл плллллл   оллллл ллллл   ллА ллллл   ллА ллллл   ллл ллллл    ллллл ллллА
   ллл оллллл   оллллл ллллл млп   ллллл млп   ллллл млп   ллллл    ллллл ллл А
лллллл  ллллл ААоллллл ллллллп  м  лллллп[6Cлллллп[6Cллллл   оллллл лло
олллллн ллллл   оллллл Влллл  мпм  Влллл   мВ  Влллл   м   Влллнммлллллл млло
 пллллн олллнммллллллллллллл лВм плллллл млп плллллл млп   лллллллллллп ппп л
 п ппллм лллллллллллп оллллл плллмолллллВп    олллллВп[5Cллллллллпп п   А В
 В А   п лллллллпп   п лллп[8Cлллп[8Cлллп[8Cлнлллп[7CВВВм
  мВВВ   лнллп[9Cлп[10Cлп[10Cлп[10Cл п[9CлллпВ
  Впллл  л п[47Cп п[8CппммВ
   Вммпп п п[47Cм[11CлллВ
   Вллл  м[61CлллВ
   Вллл[64CлллВ
   Вллл[12C*  *   W   E   L   C   O   M   E   *  *[13CлллВ
   Вллл[64CлллВ
   Вллл[64CлллВ
   Вллл[64CлллВ
   Вллл[64CлллВ
   Вллл[64CлллВ
   Вллл[64CлллВ
   Вллл[64CлллВ
   Вллл[12CTOTLLY L33T TEXT G0ES HURR!!![23CлллВ
   Вллл[64CлллВ
   Вллл[64CлллВ
   Вллл[64CлллВ
   Вллл[64CлллВ
   Вллл[64CлллВ
   Вллл[64CлллВ
   Вллл[64CлллВ
   Вллл[64CлллВ
   Вллл[64CлллВ
   Вллл[64CлллВ
   Вллл[64CлллВ
   Вллл[64CлллВ
   Вллл[64CлллВ
   Вллл[64CлллВ
   Вллл[64CлллВ
   Вллл[64CлллВ
   Вллл   п[11Cм[32Cм[11Cп   лллВ
   Вллл мВ[10Cмп[34Cпм[10CВм лллВ
   Вллллп[7Cммллп[36Cпллмм[7CпллллВ
 млллллмлллпллллллпмБВлВллллллллллллллллллллллллллллллВлВБмпллллллллллмлллллм
лп ллпп  мллллпп пп[40Cпп ппллллм  пплл пл
 п  ммлВлпп   м   ммммм[8Cм BY: SP!CRO    м м п   ммммм   м   пплВлмм  п
   олллм  м оВ мллпп   ппмм п[7C2oo6[5Cллл[5Cпп   ппллм Вн м  млллн
[5Cплллп   ппп[29CБлл[14Cппп   плллп
[44Cпмллн
   ммммммм    ммммлллл   мммммм  лллВ[5Cллмм[5Cммммлллл   мммммм   ммммлллм
мллллллллллмллллллллллмллллБВлллолллл[5Cлллллл ллллллллллмллллБВллло ллллпВлл
ллллллллллллллллллллллллллллллллллллл[5CллллллАлллллллллллллллллллллоллл  Влл
ллллп  ллллллллл  ллллллллп млллллллл  мммплллллВлллл  ллллллллп млллл лллммлп
ллллм  ллВлллллл  ллВлллллм    лллллл ллллллллВлолллл  ллВл лллм[6CВллл лллм
 пплллпллнл лллл  ллнл пплллллллл Влллллнпллллнл лллл  ллнл пплллВлллл ллл  ллл
ммммммлллллмммммммммммммммммпппмммммммммммммппмммммммм пп п мммм ппп мммммммммм
