[0mВВпллллВВАллллллллллллл пллллпмлллллллллллллпп    мммммллллллллллллллллллВВлллл
ллллллллл ллАБВлллллллл лллл лллллллллллллпммВллллллллллллллллллллллллллллВлллл
ппппллллп пппппппплпппппппп ллллллллллллллллппп  ммлллллллллллллллллллллллллллл
лл Алллллллллл ллллллллплл ллллллллллллллп   мммлВллллллллллллллллллллллллллллл
Ал ллллллллВВл лллллллллпмлллллллллллллп мллллллВлллллллллллллллллллллллллллллл
ппВппппппплппп ппппппп ммлллллллллллллллллллллллАллллллллллллллллллллллллпллллл
лллллллпллллллллВлп ммллллллллпмллллллллллллллАБ лллллллллллллллллллллллллм ппл
ллллллл ллллллллпмлллллллллп млллллл ллллллпм БВ лллллллллллллллллллллллллллмм
ппппллплппппплпмлВВллллллпммллллллпмлВлллпмВВ Вл лллллллллллллллллллллллллллллл
лл лллллллллпмллВллллллпмлллллллпмлллллпмлВВВ  л лллллллллллл ллллллллллллллллл
лл ллллллл млллллллллп лллллллпмллллп мллллВВ  л лллллллллллВАнпллллллллллллллл
плАлпппппмлллллллллл млллллл мллллпмллллллллВ  оллллллллллллВ   лллллллллллБВВл
ллБллллАмлллллллллпмлВлпп ммллп ммллллллллллВ   ллллллллллВллл  олллллллллллВлл
лллллл лллллллллпллллп   пппммлллллллллллллллн   ллллллллАоллл   пллллллллллллл
лпппп ллллллллпмллп[6CВВллллллллллллллллллн   оплллллл  лллн  нллллллллллллл
лллл лллллллл ллп м лВБ ВВллллллллллллллллллллА   ў пплллн оллн   ллллллллллллл
ллл лллллллпБлл  лл плл Вллллллллллллллллллллл В   л    пп  плл   олллллллллллл
Ал ллллллл ллп м лллллн Влллллллллллллллллллллн н  ол    лм  пп    мппллллллллл
 нлллллАпмлл  ллпллллВ оВлллллллллллллллллллллн пм  плм   п[9Cплммм ппплл
 оллллл ллл  ппп ппппп Алллллллллллллллллллллл    м   пВм[13CппллБВммм
 лллллБллл   АБВлллллл Бллллллллллллллллллллллл[10Cп[16Cпллмп
 лллВ ллл  Б Влллллллл Влллллллллллллллллллллллл[11Cп
оллл олл  пп пппппВлпп  ллллллпп пллп мплллллллллм
Аллл ллн  Вллллллллл лл лллп   мм    плллллллллллллм
Вллнллл В Аллллллплл лВ лл  млллллм[5CпплллллллВВВлм
лллплл Вп ппп пппп п пп  ллллллллллмпмм  мллллллллВВлллм
лллллноллллллнллллллллн  ллллллллллллллллллллллллллВллллл
ллллл ллллллл лллллллн   ллллллллллллллллллллллллллллллллл
ВлллнопппппппллАВпппл    Влллпллллллллллллллллллллллллллллл[16Cмммл
Бллл лллллл лллллллл[5CАллллммппллллллллллллллллллллллллл[15Cллллп
 Влнолллллллллллллл[7Cлллллнлпм ппллллллллллллллллллллл[12Cм Аллпмм
  л ппллллл пппллп[6Cлн пллло л[5Cпллллллллллллллллллл[12CллВл ллл
    ллл лллллллп[6Cмлл мВлллмллм   ммллллллллллллллллллн[11Cлллл пллп
   пплл ллллпп[5Cммллл мллллллл  мллллллллллллллллллллллн[10Cллллн нплл
лм[6Cппп[6CмлпплВ лллллллпммлллллллллллллллллллллллл[10Cолллллмпллл
мммлммм[5CмммлллллВп ллллллВллллллллллллллллллллллллллл[12Cлллллллллл
ллмлллллллллл ллллллл лллллллВоллллллллллллллллллллллллл[11Cл лллллл лл
лл лллллллВВл лппллп лллллллл лллллллллллллллллллллллллн[10CВллмллллл лмл
мммм ммллммллллллБ олллллмлллпллллллллллллллллллллллллн[10Cнлмлллллл лллл
лллл ллллллллллАВ  ўлллллллллллллллллллллллллллллллллп[9Cмлллллллллллмллл
лллл ллллллллллВл лм пплммпллллллллллллллллллллллллп  мн[5Cмлллллллллллллллп
пппп пппппппппппп п мм   пплллллллллллллллллллллллммллп    мллллллллллллллллл
 ВВлллллллл лллллллллллллнолллллллллллллллллллмллллпп   ммллллллллллллллллллллм
 лВВллллллл лллллллллллл мллллллллллллллллллллллмлмммлллллллллллллллллллллллллл
 лллллллллл БВллллллпммп пплллллллллллллллллллллллллллллллллллллллллллллллллллл
ллммм  млллммммлллпмллллоллмплллллллллллллллллллллллллллллллллллллллллллллллллл
лллллллпмлллллАллл   плВ ллллмллллллллллллллллллллллллллллллллллллллллллллллллл
ллллл ллллллллВ  н   млл пллллмпллллллллллллллллллллллллллллллллллллллллллллллл
ппппп лппппВлл   лммплпмл ммплллплллллллллллллллллллллллллллллллллллллллллллллл
лллллллллллллллпп  мллллполллмпВолллллллллллллллллллллллллллллллллллллллллллллл
ллллллллпппммммлллм лпп оллВлллпллллллллллллллллллллллллллллллллллллллллллллллл
ллллпБммлллллллллпп ммл ллллп млллллллллллллллллллллллллллллллллллллллллллллллл
пплл  пллллпппммм Вллллл пмммлллллллллллллллллллллллллллллллллллллллллллллллллл
ллллм ппмммлВлппл лппплл лмпллллллллллллллллллллллллллллллллллллллллллллллллллл
ллллллллллВлпмлллм   олнмлллпллллллллллллллллллллллллллллллллллллллллллллллллВВ
лл ллллллБА млллллн  лл лллнллллллллллллллллллллллллВВлллллБлллллллллллллллллВл
Аммммммм  м лВллллмпппмлллл ллллллллллллллллллллллВВлллллллАлллллллллллллллллВл
лллллллл ллнолВллллнллллмпл ллллллллллллллллллллллллллллллБ лллллллллллллллллВл
лллллллл лппноллллллоллллллл ллллллллллллллллллллпппппппммм ллллллллллллллллВВл
ппмпллллпмлллнолллллл лллллллмппллллллпппппммммммпп ААВ ппл лллллллллллллллллВл
лл лллл млллллноллппллмпллллллллмммммБББББ  ппллллплллл ллл ллллллллллллллллВВл
лл лллл лВллллл п    плл ллллллллллллВВВВл ллл лллллллн ллн ллллллллллллллллВВл
ппппппп олВлллмллм   ппмллллллллллллВВВллл ппплплпппппп ппА ллллллллллллллллВВл
лллмпл лнолллВлпплл пллллллмпплллллллллллл лл ллллллллллллБ ллллллллллллллллВлл
ллллпл лллмппл    пл ллллллллллллллллллллл лл ллллллллллллВ лллллллллллллллВВлл
лллВлл ллллллммм    млллмппллллллллллллллл лл ллллллллллп   ллллллллллллллВВллл
пппппп пппппппп   лллллллллммллллллллллллнопп пппппллпп   ноллллллллллллллллллл
лл ллллллллллл лл лллллллллллллллллллллллА лллллппп[8Cлллллллппппппп
ллплллллллллллллл  ллллллллллллллллллллллмпппп
лллллллллллллл ллл Алллллллллллллллллллл
пппппппппппппп пппл Вллллллллллллллппп
лВА ллллллБ плллллллмпмлллллллппп
ллБ лллллАА лплллллп[5Cппп
ллллллллллл ллллллн
пппВппппппп лпппппп
лллл лллллллллллл  В
лллл лллллллллллл ллл
лллл лллллллллллл  ллм
пппплпппппппппппп лпллм
ллллллл ллллпппппп   ппл
лллллпп
ллп
л[9Cм
н[9Cмл  мм
[7Cммлп мВллл[7CмпВлм плм[17Cп[9Cппм
    млллллллпллллл[8CоллВ олл[16CмпВлм  ВВллмл[7CмпВлм
   лллллллп мллллн[9Cллл лллнпмм[14CоллВммм пВн[9Cолллл
   олллллн пВлллп[9CВллл лллллллллм[12Cлллллллол[11CллллВ
    пллллл[10Cмммп олллнВллл пллллллм[9CВлллВллнлн  мпммлВВ  оллллн
[6Cпллллм    млллпмммлллллВлллн  оллВВлл   мммп олллнллллл мллллллллп оллллн
 мммм   ллллл  лллмлллллллллнлллл ммлллллпмлллпмммлллллВллллноллллллпмммлллллл
 олллл   ллллнллллллллп ллллолллллллллп млллмлллллллллВллллл лллллмллллллллллн
 ллллн  оллллллллВллп  олллВлллл ллллм оллллллллп ллллоллллнолллллллллп ллллл
ВллллмммлнллллллВллн  оллллолллн  ллллнллллВллп  олллВллллл лллллВллп  оллллВ
ллллллВпп ллллолллл   ллллнлллл   олллллллВллн  оллллоллллноллллВВлн  оллллл
олллллммВлллл  лллллмллллл олллн   БллллВлллл   ллллн ллллллллоВллл   лллллн
  ппп лллллп    плллллпВлн  плллм   ллллллллллмллллл  оллллллн лллллмлллллл
  м пппп[10Cппп   пп[5Cмм  ВлллБВпллллллллп    ллллп    плллллллллп м
 плп[25Cмллл пппп[6Cпппп[8Cлп[8Cппппп    плп
АБВллм[23Cлллллм лллллл мп лллл[23CмллВБА
ллллллллллллВВ  Вл ВВББААмм   плллллмлллллмлллллп   ммААББВВ лВ  ВВлллллллллллл
  лллнл[12Cммм[10CоВВлллВлллллВВн[10Cммм[12Cлоллл
 лл  лл   ААА п   мп пллмм    п лл пплллллпп лл п    ммллп пм   п ААА   лл  лл
лп  лл   БББ млм м м   ллллВ ол  лм   плп   мл  лн Влллл   м м млм БББ   лл  пл
 ВВлп   ВВ    п[7CолллоБ  пл  ппллпм лллл  лп  Бнлллн[7Cп    ВВ   плВВ
 Ал  л лллм[9Cмллллмп п   л    лпплпм   л   п пмллллм[9Cмллл л  лА
 Влл пм пллллп   ммлллллп    п п[5Cонллл[5Cп п    плллллмм   пллллп мп ллВ
 Влл   пллмппллллллппп[16Cппп[16Cпппллллллппмллп   ллВ
 Влл[6Cппппп[49Cппппп[6CллВ
 Влл[30CS D R D V D[30CллВ
 Влл[28Cp r e s e n t s[28CллВ
 Влл[71CллВ
 Влл[71CллВ
 Влл[71CллВ
 Влл  Title[11C:[52CллВ
 Влл  Genre[11C:[52CллВ
 Влл  Runtime[9C:[52CллВ
 Влл  RAR Count[7C:[52CллВ
 Влл  IMDB Rating[5C:[52CллВ
 Влл  IMDB Link[7C:[52CллВ
 Влл[71CллВ
 Влл  Audio[11C:[52CллВ
 Влл  Audio Languages :[52CллВ
 Влл  Subtitles[7C:[52CллВ
 Влл  Aspect Ratio    :[52CллВ
 Влл  Image Type[6C:[52CллВ
 Влл  Region[10C:[52CллВ
 Влл[71CллВ
 Влл  Rip Notes[7C:[52CллВ
 Влл[71CллВ
 Влл[71CллВ
 Влл[71CллВ
 Влл[71CллВ
 Влл[71CллВ
 Влл  ViDEO[15CmENU[12CeXTRAS[27CллВ
 Влл[71CллВ
 Влл  [ ] Untouched[7C[ ] Untouched   [ ] Untouched[20CллВ
 Влл  [ ] Re-Encoded[6C[ ] Stripped    [ ] Stripped[21CллВ
 Влл  [ ] Passes[26C[ ] Partial Strip[16CллВ
 Влл  [    ] Bitrate[22C[ ] Re-Encoded[19CллВ
 Влл[38C[ ] Passes[23CллВ
 Влл[38C[    ] Bitrate[19CллВ
 Влл[71CллВ
 Влл[71CллВ
 Влл[71CллВ
 Влл[71CллВ
 Влл[71CллВ
  м[28Cммлп[9Cплмм[28Cм
 плп[25Cмллл[13Cлллм[25Cплп
АБВллм[23Cлллллм ммллллм мллллл[23CмллВБА
ллллллллллллВВ  Вл ВВББААмм   плллллмлллллмллллВп   ммААББВВ лВ  ВВлллллллллллл
  лллнл[12Cммм[10CоВВлллВлллллВВн[10Cммм[12Cлоллл
 лл  лл   ААА п   мп пллмм    п лл пплллллпп лл п    ммллп пм   п ААА   лл  лл
лп  лл   БББ млм м м   ллллВ ол  лм   плп   мл  лн Влллл   м м млм БББ   лл  пл
 ВВлп   ВВ    п[7CолллоБ  пл  ппллпм лллл  лп  Бнлллн[7Cп    ВВ   плВВ
[5Cл лллм[9Cмллллмп п   л    лпплпм   л   п пмллллм[9Cмллл л
[5Cпм пллллп   ммлллллп    п п[5Cонллл[5Cп п    плллллмм   пллллп мп
[7Cпллмппллллллппп[16Cппп  sP!CRo[8Cпппллллллппмллп
[10Cппппп[49Cппппп
